// Jest Snapshot v1, https://goo.gl/fbAQLP

exports[`container should render correctly 1`] = `
<View
  style={
    Array [
      Object {
        "paddingHorizontal": 34.285714285714285,
        "width": "100%",
      },
      Object {
        "marginTop": undefined,
        "position": undefined,
        "zIndex": undefined,
      },
    ]
  }
>
  <View />
</View>
`;
